[0m00:55:21.568996 [debug] [MainThread]: Sending event: {'category': 'dbt', 'action': 'invocation', 'label': 'start', 'context': [<snowplow_tracker.self_describing_json.SelfDescribingJson object at 0x707b999795e0>, <snowplow_tracker.self_describing_json.SelfDescribingJson object at 0x707b965f5c10>, <snowplow_tracker.self_describing_json.SelfDescribingJson object at 0x707b965f69f0>]}


============================== 00:55:21.573744 | d233d2e2-b66b-48b4-9b58-44206aa24aa5 ==============================
[0m00:55:21.573744 [info ] [MainThread]: Running with dbt=1.10.6
[0m00:55:21.574776 [debug] [MainThread]: running dbt with arguments {'printer_width': '80', 'indirect_selection': 'eager', 'write_json': 'True', 'log_cache_events': 'False', 'partial_parse': 'True', 'cache_selected_only': 'False', 'warn_error': 'None', 'fail_fast': 'False', 'version_check': 'True', 'log_path': 'logs', 'profiles_dir': '/home/sourabh7iwari/.dbt', 'debug': 'False', 'use_colors': 'True', 'use_experimental_parser': 'False', 'empty': 'None', 'quiet': 'False', 'no_print': 'None', 'warn_error_options': 'WarnErrorOptionsV2(error=[], warn=[], silence=[])', 'static_parser': 'True', 'invocation_command': 'dbt init', 'log_format': 'default', 'target_path': 'None', 'introspect': 'True', 'send_anonymous_usage_stats': 'True'}
[0m00:55:21.591973 [info ] [MainThread]: Creating dbt configuration folder at /home/sourabh7iwari/.dbt
[0m00:55:47.851353 [debug] [MainThread]: Starter project path: /home/sourabh7iwari/Repository/elt/.venv/lib/python3.12/site-packages/dbt/include/starter_project
[0m00:55:47.865927 [info ] [MainThread]: 
Your new dbt project "custom_postgres" was created!

For more information on how to configure the profiles.yml file,
please consult the dbt documentation here:

  https://docs.getdbt.com/docs/configure-your-profile

One more thing:

Need help? Don't hesitate to reach out to us via GitHub issues or on Slack:

  https://community.getdbt.com/

Happy modeling!

[0m00:55:47.869300 [info ] [MainThread]: Setting up your profile.
[0m01:00:40.219676 [info ] [MainThread]: Profile custom_postgres written to /home/sourabh7iwari/.dbt/profiles.yml using target's profile_template.yml and your supplied values. Run 'dbt debug' to validate the connection.
[0m01:00:40.224631 [debug] [MainThread]: Resource report: {"command_name": "init", "command_success": true, "command_wall_clock_time": 318.74524, "process_in_blocks": "0", "process_kernel_time": 0.211837, "process_mem_max_rss": "103956", "process_out_blocks": "80", "process_user_time": 2.571031}
[0m01:00:40.228281 [debug] [MainThread]: Command `dbt init` succeeded at 01:00:40.227594 after 318.75 seconds
[0m01:00:40.230406 [debug] [MainThread]: Sending event: {'category': 'dbt', 'action': 'invocation', 'label': 'end', 'context': [<snowplow_tracker.self_describing_json.SelfDescribingJson object at 0x707b965f5c10>, <snowplow_tracker.self_describing_json.SelfDescribingJson object at 0x707b97a1dc40>, <snowplow_tracker.self_describing_json.SelfDescribingJson object at 0x707b9675c830>]}
[0m01:00:40.232547 [debug] [MainThread]: Flushing usage events
[0m01:00:41.243868 [debug] [MainThread]: An error was encountered while trying to flush usage events
